10-09-26 14:05:33	Ce journal contient des informations sur l'importation du schéma dans le projet 'Import-DBSlide-DB' sur l'ordinateur 'DESKTOP-HK4B100' par l'utilisateur 'Robin'.
10-09-26 14:05:33	L'importation du schéma de base de données a commencé.
10-09-26 14:05:40	Collecte des informations d'identification à la base de données
10-09-26 14:05:40	Collecte des options de la base de données
10-09-26 14:05:40	Collecte de l'option de configuration étendue à la base de données générique
10-09-26 14:05:40	Collecte des utilisateurs
10-09-26 14:05:40	Collecte des rôles
10-09-26 14:05:40	Collecte des rôles d'application
10-09-26 14:05:40	Collecte des appartenances aux rôles
10-09-26 14:05:40	Collecte des groupes de fichiers
10-09-26 14:05:40	Collecte des catalogues de recherche en texte intégral
10-09-26 14:05:40	Collecte des assemblys
10-09-26 14:05:40	Collecte des certificats
10-09-26 14:05:40	Collecte des clés asymétriques
10-09-26 14:05:40	Collecte des clés symétriques
10-09-26 14:05:40	Collecte des clés symétriques chiffrées
10-09-26 14:05:40	Collecte des schémas
10-09-26 14:05:40	Collecte des collections de schémas XML
10-09-26 14:05:40	Collecte des types de données définis par l'utilisateur
10-09-26 14:05:40	Collecte des types définis par l'utilisateur
10-09-26 14:05:40	Collecte des types de tables
10-09-26 14:05:40	Collecte des clés uniques des types de tables
10-09-26 14:05:40	Collecte des clés primaires pour les types de tables
10-09-26 14:05:40	Collecte d'index pour types de tables
10-09-26 14:05:40	Collecte des contraintes de validation pour les types de tables
10-09-26 14:05:41	Collecte des contraintes par défaut pour les types de tables
10-09-26 14:05:41	Collecte des fonctions de partition
10-09-26 14:05:41	Collecte des schémas de partition
10-09-26 14:05:41	Collecte des fonctions
10-09-26 14:05:41	Collecte de fonctions cryptées
10-09-26 14:05:41	Collecte des agrégats
10-09-26 14:05:41	Collecte des procédures
10-09-26 14:05:41	Collecte de procédures cryptées
10-09-26 14:05:41	Collecte des tables
10-09-26 14:05:41	Collecte des clés primaires
10-09-26 14:05:41	Collecte des contraintes uniques
10-09-26 14:05:41	Collecte des clés étrangères
10-09-26 14:05:41	Collecte des contraintes par défaut
10-09-26 14:05:41	Collecte des contraintes de validation
10-09-26 14:05:41	Collecte des vues
10-09-26 14:05:41	Collecte de vues cryptées
10-09-26 14:05:41	Collecte des index
10-09-26 14:05:41	Collecte des statistiques
10-09-26 14:05:41	Collecte des listes de mots vides d'index de recherche en texte intégral
10-09-26 14:05:41	Collecte des listes de propriétés de recherche
10-09-26 14:05:41	Collecte des propriétés de recherche
10-09-26 14:05:41	Collecte des index de recherche en texte intégral
10-09-26 14:05:41	Collecte des index de la banque de colonnes
10-09-26 14:05:41	Collecte des index spatiaux
10-09-26 14:05:41	Collecte des index XML
10-09-26 14:05:41	Collecte d'index XML sélectifs
10-09-26 14:05:41	Collecte de déclencheurs cryptés
10-09-26 14:05:41	Collecte des déclencheurs
10-09-26 14:05:41	Collecte des déclencheurs chiffrés et DDL CLR
10-09-26 14:05:41	Collecte des DDL triggers
10-09-26 14:05:41	Création de contraintes d'arête
10-09-26 14:05:41	Collecte des synonymes
10-09-26 14:05:41	Collecte des valeurs par défaut
10-09-26 14:05:41	Collecte des liaisons UDDT de contrainte de données
10-09-26 14:05:41	Collecte des règles
10-09-26 14:05:41	Collecte des liaisons UDDT de contrainte de données
10-09-26 14:05:41	Collecte des types de messages
10-09-26 14:05:41	Collecte des files d'attente
10-09-26 14:05:41	Collecte des contrats
10-09-26 14:05:41	Collecte des services
10-09-26 14:05:41	Collecte des notifications d'événements
10-09-26 14:05:41	Collecte des liaisons de service distant
10-09-26 14:05:41	Collecte des priorités de Service Broker
10-09-26 14:05:41	Collecte des signatures
10-09-26 14:05:41	Collecte des options de compression
10-09-26 14:05:41	Collecte des types de séquences
10-09-26 14:05:41	Collecte des stratégies de sécurité
10-09-26 14:05:41	Collecter les clés de chiffrement de colonne
10-09-26 14:05:41	Collecte des clés principales de colonne
10-09-26 14:05:41	Collecte des sources de données externes
10-09-26 14:05:41	Collecte des formats de fichier externes
10-09-26 14:05:41	Collecte des tables externes
10-09-26 14:05:41	Collecte des options de compression d’index XML
10-09-26 14:05:41	Collection des propriétés étendues
10-09-26 14:05:41	Collecte des assemblys
10-09-26 14:05:41	Collecte des informations d'identification
10-09-26 14:05:41	Collecte des connexions
10-09-26 14:05:41	Collecte des audits du serveur
10-09-26 14:05:41	Analyse du projet à la recherche des éléments en double
10-09-26 14:05:41	Fin du traitement des éléments en double
10-09-26 14:05:41	Importation de la base de données terminée.
10-09-26 14:05:41	Un résumé de l'opération d'importation a été enregistré à l'emplacement suivant : C:\Users\Robin\Desktop\travail\SandBox\C#\ECommerce\Import-DBSlide-DB\Importer les journaux de schémas\Import-DBSlide-DB_20260910120533.log.
10-09-26 14:05:41	Cliquez sur Terminer pour continuer...
